
Memory Configuration

Name             Origin             Length             Attributes
flash            0x00000000         0x20000000         xr
sram             0x20000000         0x20000000         xrw
*default*        0x00000000         0xffffffff

Linker script and memory map


.text           0x00000000      0x128
                0x00000000                _S_text = .
 *(.vectors*)
 .vectors       0x00000000        0xc startup.o
                0x00000000                g_p_fn_Vectors
 *(.text*)
 .text          0x0000000c       0x90 startup.o
                0x0000000c                H_fault_Handler
                0x0000000c                Default_Handler
                0x0000000c                NMI_Handler
                0x00000018                Reset_Handler
 .text          0x0000009c       0x8c main.o
                0x0000009c                main
 *(.rodate)
                0x00000128                _E_text = .

.glue_7         0x00000128        0x0
 .glue_7        0x00000128        0x0 linker stubs

.glue_7t        0x00000128        0x0
 .glue_7t       0x00000128        0x0 linker stubs

.vfp11_veneer   0x00000128        0x0
 .vfp11_veneer  0x00000128        0x0 linker stubs

.v4_bx          0x00000128        0x0
 .v4_bx         0x00000128        0x0 linker stubs

.iplt           0x00000128        0x0
 .iplt          0x00000128        0x0 startup.o

.igot.plt       0x00000128        0x0
 .igot.plt      0x00000128        0x0 startup.o

.rel.dyn        0x00000128        0x0
 .rel.iplt      0x00000128        0x0 startup.o

.date           0x20000000        0x0 load address 0x00000128
                0x20000000                _S_data = .
 *(.data)
 .data          0x20000000        0x0 startup.o
 .data          0x20000000        0x0 main.o
                0x20000000                _E_data = .
                0x20000000                . = ALIGN (0x4)

.bss            0x20000000      0x400 load address 0x00000128
                0x20000000                _S_bss = .
 *(.bss)
 .bss           0x20000000      0x400 startup.o
 .bss           0x20000400        0x0 main.o
                0x20000400                _E_bss = .
LOAD startup.o
LOAD main.o
OUTPUT(unit3-lap4_cortexM4.elf elf32-littlearm)

.debug_info     0x00000000      0x214
 .debug_info    0x00000000      0x1a4 startup.o
 .debug_info    0x000001a4       0x70 main.o

.debug_abbrev   0x00000000      0x141
 .debug_abbrev  0x00000000       0xda startup.o
 .debug_abbrev  0x000000da       0x67 main.o

.debug_loc      0x00000000       0xb4
 .debug_loc     0x00000000       0x7c startup.o
 .debug_loc     0x0000007c       0x38 main.o

.debug_aranges  0x00000000       0x40
 .debug_aranges
                0x00000000       0x20 startup.o
 .debug_aranges
                0x00000020       0x20 main.o

.debug_line     0x00000000       0xce
 .debug_line    0x00000000       0x69 startup.o
 .debug_line    0x00000069       0x65 main.o

.debug_str      0x00000000      0x18e
 .debug_str     0x00000000      0x16c startup.o
                                0x1a0 (size before relaxing)
 .debug_str     0x0000016c       0x22 main.o
                                 0xca (size before relaxing)

.comment        0x00000000       0x7e
 .comment       0x00000000       0x7e startup.o
                                 0x7f (size before relaxing)
 .comment       0x0000007e       0x7f main.o

.ARM.attributes
                0x00000000       0x33
 .ARM.attributes
                0x00000000       0x33 startup.o
 .ARM.attributes
                0x00000033       0x33 main.o

.debug_frame    0x00000000       0x7c
 .debug_frame   0x00000000       0x50 startup.o
 .debug_frame   0x00000050       0x2c main.o
